[sites.google.com/view/pyramidchallengereborn/index.html]
[backblue.gif]
[fade.gif]
[index.html]
[ssl.gstatic.com/atari/images/simple-header-blended-small.png]
[ssl.gstatic.com/docs/common/cleardot.gif]
[apis.google.com/js/clientc932.js]
[sites.google.com/view/pyramidchallengereborn/home.html]
[sites.google.com/view/pyramidchallengereborn/mod-list.html]
[sites.google.com/view/pyramidchallengereborn/changelog.html]
[sites.google.com/view/pyramidchallengereborn/_https_/discord.gg/jVXQFNQ___img.6.delayed]
[sites.google.com/view/pyramidchallengereborn/_https_/img.shields.io/discord/408412538003259412.72790.delayed]
[sites.google.com/view/pyramidchallengereborn/_https_/minecraft.curseforge.com/projects/pyramid-challenge-reborn___img.8.delayed]
[sites.google.com/view/pyramidchallengereborn/_http_/cf.way2muchnoise.eu/251553.9.delayed]
[sites.google.com/view/pyramidchallengereborn/_https_/forthebadge.com/images/badges/built-with-love.a.delayed]
[sites.google.com/view/pyramidchallengereborn/_https_/forthebadge.com/images/badges/uses-git.b.delayed]
[sites.google.com/view/pyramidchallengereborn/_https_/i.ibb.co/Y2BBw4N/68747470733a2f2f696d6167652e6962622e636f2f6b38363065702f6d616465776974687477697463682e706e67.c.delayed]
[sites.google.com/view/pyramidchallengereborn/_https_/image.ibb.co/g2jWkU/mc.d.delayed]
[sites.google.com/view/pyramidchallengereborn/_https_/minecraft.curseforge.com/projects/pyramid-challenge-reborn/relations/dependencies__Release_/a__/li_.e.delayed]
[sites.google.com/view/pyramidchallengereborn/_https_/cindylouwho03.github.io/Pyramid-Challenge-Reborn/mods/mods.html__Development_/a__/li_.f.delayed]
[sites.google.com/view/pyramidchallengereborn/_https_/minecraft.curseforge.com/projects/pyramid-challenge-reborn/files__Release_/a__/li_.10.delayed]
[sites.google.com/view/pyramidchallengereborn/_https_/raw.githubusercontent.com/CindyLouWho03/Pyramid-Challenge-Reborn/master/CHANGELOG.md__Development_/a__/li_.11.delayed]
[sites.google.com/view/pyramidchallengereborn/_https_/minecraft.curseforge.com/projects/pyramid-challenge-reborn__CurseForge_/a_,.12.delayed]
[sites.google.com/view/pyramidchallengereborn/_https_/github.com/gorilla-devs/GDLauncher/releases__GDLauncher_/a__/li_.13.delayed]
[sites.google.com/view/pyramidchallengereborn/_https_/app.twitch.tv/__Twitch.14.delayed]
[sites.google.com/view/pyramidchallengereborn/_https_/multimc.org__MultiMC5_/a__/li__/ul_.15.delayed]
[sites.google.com/view/pyramidchallengereborn/_http_/www.github.com/__Github_/a_.16.delayed]
[sites.google.com/view/pyramidchallengereborn/_https_/github.com/Gaz492/twitch-export-builder/__Twitch.17.delayed]
[sites.google.com/view/pyramidchallengereborn/_https_/github.com/gorilla-devs/GDLauncher__GDLauncher_/a_.18.delayed]
[sites.google.com/view/pyramidchallengereborn/_https_/www.gitkraken.com/__GitKraken_/a_.19.delayed]
[sites.google.com/view/pyramidchallengereborn/_https_/files.minecraftforge.net/__Minecraft.1a.delayed]
[sites.google.com/view/pyramidchallengereborn/_https_/www.minecraft.net/__Minecraft_/a_.1b.delayed]
[sites.google.com/view/pyramidchallengereborn/_LICENSE__LICENSE_/a_.1c.delayed]
[sites.google.com/view/pyramidchallengereborn/index.html]
[sites.google.com/view/pyramidchallengereborn/home.html]
[sites.google.com/view/pyramidchallengereborn/(0016)http_/localhost.1d.delayed]
[sites.google.com/view/pyramidchallengereborn/'/a'.1e.delayed]
[sites.google.com/view/pyramidchallengereborn/'.1f.delayed]
[sites.google.com/view/pyramidchallengereborn/_javascript_void(0)___/a_').attr({accessKey_opts.accessKey,tabIndex_opts.tabIndex,title_opts.splitbarClass}).bind($.browser.20bf78.delayed]
[sites.google.com/view/pyramidchallengereborn/'_+o+_'.21.delayed]
[sites.google.com/view/pyramidchallengereborn/_'+f+'_.22.delayed]
[sites.google.com/view/pyramidchallengereborn/_.24.delayed]
[sites.google.com/view/pyramidchallengereborn/mod-list.html]
[sites.google.com/view/pyramidchallengereborn/changelog.html]
[sites.google.com/view/pyramidchallengereborn/_https_/discord.gg/jVXQFNQ___img.html]
[sites.google.com/view/pyramidchallengereborn/_https_/img.shields.io/discord/4084125380032594122790.html]
[sites.google.com/view/pyramidchallengereborn/_https_/minecraft.curseforge.com/projects/pyramid-challenge-reborn___img.html]
[sites.google.com/view/pyramidchallengereborn/_http_/cf.way2muchnoise.eu/251553.html]
[sites.google.com/view/pyramidchallengereborn/_https_/forthebadge.com/images/badges/built-with-love.html]
[sites.google.com/view/pyramidchallengereborn/_https_/forthebadge.com/images/badges/uses-git.html]
[sites.google.com/view/pyramidchallengereborn/_https_/i.ibb.co/Y2BBw4N/68747470733a2f2f696d6167652e6962622e636f2f6b38363065702f6d616465776974687477697463682e706e67.html]
[sites.google.com/view/pyramidchallengereborn/_https_/image.ibb.co/g2jWkU/mc.html]
[sites.google.com/view/pyramidchallengereborn/_https_/minecraft.curseforge.com/projects/pyramid-challenge-reborn/relations/dependencies__Release_/a__/li_.html]
[sites.google.com/view/pyramidchallengereborn/_https_/cindylouwho03.github.io/Pyramid-Challenge-Reborn/mods/mods.html__Development_/a__/li_.html]
[sites.google.com/view/pyramidchallengereborn/_https_/minecraft.curseforge.com/projects/pyramid-challenge-reborn/files__Release_/a__/li_.html]
[sites.google.com/view/pyramidchallengereborn/_https_/raw.githubusercontent.com/CindyLouWho03/Pyramid-Challenge-Reborn/master/CHANGELOG.md__Development_/a__/li_.html]
[sites.google.com/view/pyramidchallengereborn/_https_/minecraft.curseforge.com/projects/pyramid-challenge-reborn__CurseForge_/a_,.html]
[sites.google.com/view/pyramidchallengereborn/_https_/github.com/gorilla-devs/GDLauncher/releases__GDLauncher_/a__/li_.html]
[sites.google.com/view/pyramidchallengereborn/_https_/app.twitch.tv/__Twitch.html]
[sites.google.com/view/pyramidchallengereborn/_https_/multimc.org__MultiMC5_/a__/li__/ul_.html]
[sites.google.com/view/pyramidchallengereborn/_http_/www.github.com/__Github_/a_.html]
[sites.google.com/view/pyramidchallengereborn/_https_/github.com/Gaz492/twitch-export-builder/__Twitch.html]
[sites.google.com/view/pyramidchallengereborn/_https_/github.com/gorilla-devs/GDLauncher__GDLauncher_/a_.html]
[sites.google.com/view/pyramidchallengereborn/_https_/www.gitkraken.com/__GitKraken_/a_.html]
[sites.google.com/view/pyramidchallengereborn/_https_/files.minecraftforge.net/__Minecraft.html]
[sites.google.com/view/pyramidchallengereborn/_https_/www.minecraft.net/__Minecraft_/a_.html]
[sites.google.com/view/pyramidchallengereborn/_LICENSE__LICENSE_/a_.html]
[sites.google.com/view/pyramidchallengereborn/(0016)http_/localhost.html]
[sites.google.com/view/pyramidchallengereborn/'/a'.html]
[sites.google.com/view/pyramidchallengereborn/'.html]
[sites.google.com/view/pyramidchallengereborn/_javascript_void(0)___/a_').attr({accessKey_opts.accessKey,tabIndex_opts.tabIndex,title_opts.splitbarClass}).bind($.browserbf78.html]
[sites.google.com/view/pyramidchallengereborn/'_+o+_'.html]
[sites.google.com/view/pyramidchallengereborn/_'+f+'_.html]
[sites.google.com/view/pyramidchallengereborn/{title_title,tooltip_tooltip,isFolder_$li.hasClass(_folder_),isLazy_$li.hasClass(_lazy_),expand_$li.hasClass(_expanded_),select_$li.hasClass(_selected]
[sites.google.com/view/pyramidchallengereborn/{title_title,tooltip_tooltip,isFolder_$li.hasClass(_folder_),isLazy_$li.hasClass(_lazy_),expand_$li.hasClass(_expanded_),select_$li.hasClass(_selected]
[sites.google.com/view/pyramidchallengereborn/_.html]
